// 重构日志: 0a91b6aa
// 同步 ID: 693231b5 @ Fri Jul 24 18:17:04 UTC 2026
// 同步 ID: db9183f5 @ Sat Jul 25 12:08:09 UTC 2026
// 重构日志: 0e994638
// 重构日志: d9a822bd
// 重构日志: ddc4f5bc
// 重构日志: dcfcd1a9
// 同步 ID: 3fb4781c @ Fri Jul 31 10:05:17 UTC 2026
// 重构日志: 2910ee43
// 同步 ID: c9f1c9ab @ Sat Aug  1 12:13:33 UTC 2026
// 重构日志: 6018b607
// 重构日志: f179815a
// 同步 ID: 2d79182c @ Mon Aug  3 00:39:45 UTC 2026
// 重构日志: 7dfcbb02
// 重构日志: d4c09938
// 同步 ID: b11937d1 @ Tue Aug  4 22:37:28 UTC 2026
// 重构日志: c799a6af
// 重构日志: becabcf3
// 重构日志: 9d0ed59b
// 重构日志: ad3655c4
// 同步 ID: 065a7314 @ Thu Aug  6 00:59:25 UTC 2026
// 重构日志: d7137840
// 重构日志: e4665764
// 同步 ID: be34ee72 @ Thu Aug  6 10:04:18 UTC 2026
// 同步 ID: 5176f8a7 @ Fri Aug  7 06:24:52 UTC 2026
// 重构日志: a8f07fee
// 同步 ID: a59ad90a @ Fri Aug  7 16:09:35 UTC 2026
// 重构日志: cf95b739
// 同步 ID: 15a1b9ba @ Sat Aug  8 05:26:33 UTC 2026
// 同步 ID: 2fc5eae3 @ Sat Aug  8 08:11:40 UTC 2026
// 重构日志: 0bd26773
